== 1. git fetch origin && git log --oneline -5 origin/main ==
c503d4b feat: add reports dashboard and traceability

== 2. git diff --shortstat c503d4b ae05c44 ==
50 files changed, 2394 insertions(+), 3082 deletions(-)

== 3. scripts/check-layers.sh ==
== Layer Boundary Validation ==
PASS: client/src layer boundaries clean
PASS: shared/ layer boundaries clean
All layer boundary checks passed successfully.

== 4. pnpm check && pnpm test && pnpm build ==
> cleanleaf@1.0.0 check
> tsc --noEmit

> cleanleaf@1.0.0 test
> vitest run

 RUN  v2.1.9 /app

 ✓ server/services/copernicus-orchestrator.test.ts (5 tests) 12ms
 ✓ server/satellite-domain.test.ts (27 tests) 59ms
 ✓ server/api-v1.test.ts (9 tests) 115ms
 ✓ server/services/specialists.test.ts (4 tests) 33ms
 ✓ tests/sat2farm-honest-enhancements.test.ts (5 tests) 210ms
 ✓ server/services/copernicus-auth.test.ts (3 tests) 8ms
 ✓ tests/reports-dashboard.test.ts (3 tests) 5ms
 ✓ tests/copernicus-integration.test.ts (3 tests) 6ms
 ✓ tests/button-audit-navigation.test.ts (2 tests) 6ms
 ✓ tests/guide-interpreter.test.ts (2 tests) 5ms
 ✓ server/auth.logout.test.ts (1 test) 7ms

 Test Files  11 passed (11)
      Tests  64 passed (64)
   Start at  20:25:08
   Duration  1.98s (transform 711ms, setup 0ms, collect 1.86s, tests 466ms, environment 3ms, prepare 1.06s)

> cleanleaf@1.0.0 build
✓ built in 7.83s
dist/index.js  39.2kb
